// Jest Snapshot v1, https://goo.gl/fbAQLP

exports[`Render component should toggle to dark theme 1`] = `ReactWrapper {}`;

exports[`Render component should toggle to light theme 1`] = `ReactWrapper {}`;
